// Jest Snapshot v1, https://goo.gl/fbAQLP

exports[`stringify() renders correctly 1`] = `
TestRun {
  "attachments": Array [],
  "status": "skipped",
  "suites": Array [
    Suite {
      "attachments": Array [],
      "metadata": undefined,
      "name": "passed",
      "status": "passed",
      "suites": Array [],
      "tests": Array [
        Test {
          "attachments": Array [],
          "duration": 2021-11-09T00:21:26.836Z,
          "metadata": undefined,
          "name": "yay",
          "output": 123,
          "startTime": 2021-11-09T18:32:58.112Z,
          "status": "passed",
        },
      ],
    },
  ],
}
`;
